----------------------------------------------------------------
    .----..-..-.   .-..----. .-.   .----..-.    .----.  .---. 
   { {__  | ||  `.'  || {}  }| |   | {_  | |   /  {}  \/   __} 
   .-._} }| || |\ /| || .--' | `--.| {__ | `--.\      /\  {_ } 
   `----' `-'`-' ` `-'`-'    `----'`----'`----' `----'  `---'
----------------------------------------------------------------
Log file created on: 08:50:03 21-07-2022


[08:50:47 21-07-2022][scholzno] -> Recieved an PHP error
[08:51:20 21-07-2022][scholzno] -> Recieved an PHP error;